[ingridkuhn.com/themes/pieceofcake_html/index.html]
[backblue.gif]
[fade.gif]
[index.html]
[ingridkuhn.com/themes/pieceofcake_html/css/bootstrap.css]
[ingridkuhn.com/themes/pieceofcake_html/fonts/font-awesome/css/font-awesome.min.css]
[ingridkuhn.com/themes/pieceofcake_html/fonts/flaticons/flaticon.css]
[ingridkuhn.com/themes/pieceofcake_html/fonts/glyphicons/bootstrap-glyphicons.css]
[ingridkuhn.com/themes/pieceofcake_html/css/style.css]
[ingridkuhn.com/themes/pieceofcake_html/styles/sweet.css]
[ingridkuhn.com/themes/pieceofcake_html/css/plugins.css]
[ingridkuhn.com/themes/pieceofcake_html/apple-icon-72x72.png]
[ingridkuhn.com/themes/pieceofcake_html/apple-icon-114x114.png]
[ingridkuhn.com/themes/pieceofcake_html/favicon.ico]
[ingridkuhn.com/themes/pieceofcake_html/switcher/css/switcher.css]
[ingridkuhn.com/themes/pieceofcake_html/styles/candy.css]
[ingridkuhn.com/themes/pieceofcake_html/styles/chocopink.css]
[ingridkuhn.com/themes/pieceofcake_html/styles/pastel.css]
[ingridkuhn.com/themes/pieceofcake_html/switcher/images/icons/candy.png]
[ingridkuhn.com/themes/pieceofcake_html/switcher/images/icons/sweet.png]
[ingridkuhn.com/themes/pieceofcake_html/switcher/images/icons/chocopink.png]
[ingridkuhn.com/themes/pieceofcake_html/switcher/images/icons/pastel.png]
[ingridkuhn.com/themes/pieceofcake_html/blog.html]
[ingridkuhn.com/themes/pieceofcake_html/blog-post.html]
[ingridkuhn.com/themes/pieceofcake_html/index-2.html]
[ingridkuhn.com/themes/pieceofcake_html/img/logo.png]
[ingridkuhn.com/themes/pieceofcake_html/img/servicesmain.png]
[ingridkuhn.com/themes/pieceofcake_html/img/service1.jpg]
[ingridkuhn.com/themes/pieceofcake_html/img/service2.jpg]
[ingridkuhn.com/themes/pieceofcake_html/img/service3.jpg]
[ingridkuhn.com/themes/pieceofcake_html/img/service4.jpg]
[ingridkuhn.com/themes/pieceofcake_html/img/service5.jpg]
[ingridkuhn.com/themes/pieceofcake_html/img/service6.jpg]
[ingridkuhn.com/themes/pieceofcake_html/img/about1.jpg]
[ingridkuhn.com/themes/pieceofcake_html/img/about2.jpg]
[ingridkuhn.com/themes/pieceofcake_html/img/about3.jpg]
[ingridkuhn.com/themes/pieceofcake_html/img/cake3.png]
[ingridkuhn.com/themes/pieceofcake_html/img/cake1.png]
[ingridkuhn.com/themes/pieceofcake_html/img/cherry.png]
[ingridkuhn.com/themes/pieceofcake_html/img/testimonial1.jpg]
[ingridkuhn.com/themes/pieceofcake_html/img/testimonial2.jpg]
[ingridkuhn.com/themes/pieceofcake_html/img/testimonial3.jpg]
[ingridkuhn.com/themes/pieceofcake_html/img/blog1.jpg]
[ingridkuhn.com/themes/pieceofcake_html/img/blog2.jpg]
[ingridkuhn.com/themes/pieceofcake_html/img/blog4.jpg]
[ingridkuhn.com/themes/pieceofcake_html/img/menu1.jpg]
[ingridkuhn.com/themes/pieceofcake_html/img/menu2.jpg]
[ingridkuhn.com/themes/pieceofcake_html/img/menu3.jpg]
[ingridkuhn.com/themes/pieceofcake_html/img/gallery1.jpg]
[ingridkuhn.com/themes/pieceofcake_html/img/gallery2.jpg]
[ingridkuhn.com/themes/pieceofcake_html/img/gallery3.jpg]
[ingridkuhn.com/themes/pieceofcake_html/img/gallery4.jpg]
[ingridkuhn.com/themes/pieceofcake_html/img/gallery5.jpg]
[ingridkuhn.com/themes/pieceofcake_html/img/gallery6.jpg]
[ingridkuhn.com/themes/pieceofcake_html/img/gallery7.jpg]
[ingridkuhn.com/themes/pieceofcake_html/img/gallery8.jpg]
[ingridkuhn.com/themes/pieceofcake_html/img/gallery9.jpg]
[ingridkuhn.com/themes/pieceofcake_html/img/gallery10.jpg]
[ingridkuhn.com/themes/pieceofcake_html/img/gallery11.jpg]
[ingridkuhn.com/themes/pieceofcake_html/img/gallery12.jpg]
[ingridkuhn.com/themes/pieceofcake_html/img/gallery13.jpg]
[ingridkuhn.com/themes/pieceofcake_html/img/cake2.png]
[ingridkuhn.com/themes/pieceofcake_html/img/donut.png]
[ingridkuhn.com/themes/pieceofcake_html/img/team1.jpg]
[ingridkuhn.com/themes/pieceofcake_html/img/team2.jpg]
[ingridkuhn.com/themes/pieceofcake_html/img/team3.jpg]
[ingridkuhn.com/themes/pieceofcake_html/img/team4.jpg]
[ingridkuhn.com/themes/pieceofcake_html/img/team5.jpg]
[ingridkuhn.com/themes/pieceofcake_html/img/team6.jpg]
[ingridkuhn.com/themes/pieceofcake_html/js/jquery.min.js]
[ingridkuhn.com/themes/pieceofcake_html/js/bootstrap.min.js]
[ingridkuhn.com/themes/pieceofcake_html/js/main.js]
[ingridkuhn.com/themes/pieceofcake_html/js/map.js]
[ingridkuhn.com/themes/pieceofcake_html/js/mc-validate.js]
[ingridkuhn.com/themes/pieceofcake_html/js/plugins.js]
[ingridkuhn.com/themes/pieceofcake_html/js/prefixfree.js]
[ingridkuhn.com/themes/pieceofcake_html/js/slider.js]
[ingridkuhn.com/themes/pieceofcake_html/index.html]
[ingridkuhn.com/themes/pieceofcake_html/switcher/js/dmss.js]
[ingridkuhn.com/themes/pieceofcake_html/css/bootstrap.css]
[ingridkuhn.com/themes/pieceofcake_html/fonts/font-awesome/fonts/fontawesome-webfonte0a5.eot]
[ingridkuhn.com/themes/pieceofcake_html/fonts/font-awesome/fonts/fontawesome-webfontd41d.eot]
[ingridkuhn.com/themes/pieceofcake_html/fonts/font-awesome/fonts/fontawesome-webfonte0a5.woff]
[ingridkuhn.com/themes/pieceofcake_html/fonts/font-awesome/fonts/fontawesome-webfonte0a5.ttf]
[ingridkuhn.com/themes/pieceofcake_html/fonts/font-awesome/css/font-awesome.min.css]
[ingridkuhn.com/themes/pieceofcake_html/fonts/flaticons/Flaticon.eot]
[ingridkuhn.com/themes/pieceofcake_html/fonts/flaticons/Flaticond41d.eot]
[ingridkuhn.com/themes/pieceofcake_html/fonts/flaticons/Flaticon.woff]
[ingridkuhn.com/themes/pieceofcake_html/fonts/flaticons/Flaticon.ttf]
[ingridkuhn.com/themes/pieceofcake_html/fonts/flaticons/flaticon.css]
[ingridkuhn.com/themes/pieceofcake_html/fonts/glyphicons/glyphicons-halflings-regular.eot]
[ingridkuhn.com/themes/pieceofcake_html/fonts/glyphicons/glyphicons-halflings-regulard41d.eot]
[ingridkuhn.com/themes/pieceofcake_html/fonts/glyphicons/glyphicons-halflings-regular.woff]
[ingridkuhn.com/themes/pieceofcake_html/fonts/glyphicons/glyphicons-halflings-regular.ttf]
[ingridkuhn.com/themes/pieceofcake_html/fonts/glyphicons/bootstrap-glyphicons.css]
[ingridkuhn.com/themes/pieceofcake_html/img/slide1.jpg]
[ingridkuhn.com/themes/pieceofcake_html/img/slide2.jpg]
[ingridkuhn.com/themes/pieceofcake_html/img/slide3.jpg]
[ingridkuhn.com/themes/pieceofcake_html/img/slide4.jpg]
[ingridkuhn.com/themes/pieceofcake_html/img/bake_pattern.png]
[ingridkuhn.com/themes/pieceofcake_html/img/offer.png]
[ingridkuhn.com/themes/pieceofcake_html/img/cakepops_bg.png]
[ingridkuhn.com/themes/pieceofcake_html/img/blogmain.jpg]
[ingridkuhn.com/themes/pieceofcake_html/img/callout.jpg]
[ingridkuhn.com/themes/pieceofcake_html/img/pricetable1.png]
[ingridkuhn.com/themes/pieceofcake_html/img/bgpromo.jpg]
[ingridkuhn.com/themes/pieceofcake_html/img/caketopbg.png]
[ingridkuhn.com/themes/pieceofcake_html/img/contact_bg.png]
[ingridkuhn.com/themes/pieceofcake_html/img/border.png]
[ingridkuhn.com/themes/pieceofcake_html/css/style.css]
[ingridkuhn.com/themes/pieceofcake_html/styles/sweet.css]
[ingridkuhn.com/themes/pieceofcake_html/img/prettyPhoto/default/sprite.png]
[ingridkuhn.com/themes/pieceofcake_html/img/prettyPhoto/default/sprite_x.png]
[ingridkuhn.com/themes/pieceofcake_html/img/prettyPhoto/default/sprite_y.png]
[ingridkuhn.com/themes/pieceofcake_html/img/prettyPhoto/default/sprite_next.png]
[ingridkuhn.com/themes/pieceofcake_html/img/prettyPhoto/default/sprite_prev.png]
[ingridkuhn.com/themes/pieceofcake_html/img/prettyPhoto/default/default_thumb.png]
[ingridkuhn.com/themes/pieceofcake_html/img/prettyPhoto/default/loader.gif]
[ingridkuhn.com/themes/pieceofcake_html/img/prettyPhoto/light_rounded/sprite.png]
[ingridkuhn.com/themes/pieceofcake_html/img/prettyPhoto/light_rounded/btnNext.png]
[ingridkuhn.com/themes/pieceofcake_html/img/prettyPhoto/light_rounded/btnPrevious.png]
[ingridkuhn.com/themes/pieceofcake_html/img/prettyPhoto/dark_rounded/sprite.png]
[ingridkuhn.com/themes/pieceofcake_html/img/prettyPhoto/dark_rounded/contentPattern.png]
[ingridkuhn.com/themes/pieceofcake_html/img/prettyPhoto/dark_rounded/btnNext.png]
[ingridkuhn.com/themes/pieceofcake_html/img/prettyPhoto/dark_rounded/btnPrevious.png]
[ingridkuhn.com/themes/pieceofcake_html/img/prettyPhoto/dark_rounded/loader.gif]
[ingridkuhn.com/themes/pieceofcake_html/img/prettyPhoto/dark_square/loader.gif]
[ingridkuhn.com/themes/pieceofcake_html/img/prettyPhoto/dark_square/sprite.png]
[ingridkuhn.com/themes/pieceofcake_html/img/prettyPhoto/dark_square/btnNext.png]
[ingridkuhn.com/themes/pieceofcake_html/img/prettyPhoto/dark_square/btnPrevious.png]
[ingridkuhn.com/themes/pieceofcake_html/img/prettyPhoto/light_square/sprite.png]
[ingridkuhn.com/themes/pieceofcake_html/img/prettyPhoto/light_square/btnNext.png]
[ingridkuhn.com/themes/pieceofcake_html/img/prettyPhoto/light_square/btnPrevious.png]
[ingridkuhn.com/themes/pieceofcake_html/img/prettyPhoto/facebook/sprite.png]
[ingridkuhn.com/themes/pieceofcake_html/img/prettyPhoto/facebook/contentPatternTop.png]
[ingridkuhn.com/themes/pieceofcake_html/img/prettyPhoto/facebook/contentPatternLeft.png]
[ingridkuhn.com/themes/pieceofcake_html/img/prettyPhoto/facebook/contentPatternRight.png]
[ingridkuhn.com/themes/pieceofcake_html/img/prettyPhoto/facebook/loader.gif]
[ingridkuhn.com/themes/pieceofcake_html/img/prettyPhoto/facebook/btnNext.png]
[ingridkuhn.com/themes/pieceofcake_html/img/prettyPhoto/facebook/btnPrevious.png]
[ingridkuhn.com/themes/pieceofcake_html/img/prettyPhoto/facebook/contentPatternBottom.png]
[ingridkuhn.com/themes/pieceofcake_html/img/prettyPhoto/facebook/default_thumbnail.gif]
[ingridkuhn.com/themes/pieceofcake_html/img/prettyPhoto/light_rounded/loader.gif]
[www.ingridkuhn.com/themes/pieceofcake_html/css/owl.video.play.94.delayed]
[www.ingridkuhn.com/themes/pieceofcake_html/css/images/layers.png]
[ingridkuhn.com/themes/pieceofcake_html/css/plugins.css]
[ingridkuhn.com/themes/pieceofcake_html/switcher/css/switcher.css]
[ingridkuhn.com/themes/pieceofcake_html/styles/candy.css]
[ingridkuhn.com/themes/pieceofcake_html/styles/chocopink.css]
[ingridkuhn.com/themes/pieceofcake_html/styles/pastel.css]
[ingridkuhn.com/themes/pieceofcake_html/elements.html]
[ingridkuhn.com/themes/pieceofcake_html/img/blogmain1.jpg]
[ingridkuhn.com/themes/pieceofcake_html/img/blogmain2.jpg]
[ingridkuhn.com/themes/pieceofcake_html/img/blogmain3.jpg]
[ingridkuhn.com/themes/pieceofcake_html/img/blogwidget1.jpg]
[ingridkuhn.com/themes/pieceofcake_html/img/blogwidget2.jpg]
[ingridkuhn.com/themes/pieceofcake_html/img/blogwidget3.jpg]
[ingridkuhn.com/themes/pieceofcake_html/img/bannerblog.jpg]
[ingridkuhn.com/themes/pieceofcake_html/blog.html]
[ingridkuhn.com/themes/pieceofcake_html/img/comment1.jpg]
[ingridkuhn.com/themes/pieceofcake_html/img/comment2.jpg]
[ingridkuhn.com/themes/pieceofcake_html/img/comment3.jpg]
[ingridkuhn.com/themes/pieceofcake_html/blog-post.html]
[ingridkuhn.com/themes/pieceofcake_html/index-2.html]
[ingridkuhn.com/themes/pieceofcake_html/fonts/font-awesome/fonts/fontawesome-webfonte0a5.svg]
[ingridkuhn.com/themes/pieceofcake_html/fonts/flaticons/Flaticon.svg]
[ingridkuhn.com/themes/pieceofcake_html/fonts/glyphicons/glyphicons-halflings-regular.svg]
[www.ingridkuhn.com/themes/pieceofcake_html/css/owl.video.play.html]
[www.ingridkuhn.com/themes/pieceofcake_html/css/images/layers.html]
[ingridkuhn.com/themes/pieceofcake_html/img/blog3.jpg]
[ingridkuhn.com/themes/pieceofcake_html/elements.html]
[ingridkuhn.com/themes/pieceofcake_html/fonts/font-awesome/fonts/fontawesome-webfonte0a5.woff2]
